
=== ENCODING AUDIT: 0 problem(s) ===
  Clean: no CP1252 round-trips, no U+FFFD, no stray BOMs.

[1] Sizing
  Peak load      : 5.32 kW
  Daily energy   : 117 kWh (day 63.8 / night 53.2)
  Inverter       : 8 kVA | Battery: 70 kWh | PV: 31.3 kWp
  PASS  Inverter sized
  PASS  Battery sized
  PASS  Inductive load flagged -> surge 6250W

[2] Technical safety
  DC current     : 167A
  DC cable       : 35mm² Pure Copper Flex
  DC isolator    : 175A 2-Pole DC Isolator
  PASS  DC cable + breaker present

[3] Tiers, BOQ & milestones
  Economy Tier           ₦44,998,200 | inv ₦1,440,000 batt ₦18,200,000 pv ₦13,167,000 | profit ₦8,666,320 | 145.4m2 / 1824kg
  Standard Pro Tier      ₦54,449,550 | inv ₦2,080,000 batt ₦23,100,000 pv ₦14,628,000 | profit ₦10,486,580 | 135.1m2 / 1696kg
  Premium Luxury Tier    ₦72,717,750 | inv ₦3,360,000 batt ₦33,600,000 pv ₦16,380,000 | profit ₦14,004,900 | 114.7m2 / 1440kg
  PASS  tier 0 has 3 milestones summing to total
  PASS  tier 0 margin above wholesale
  PASS  tier 1 has 3 milestones summing to total
  PASS  tier 1 margin above wholesale
  PASS  tier 2 has 3 milestones summing to total
  PASS  tier 2 margin above wholesale

[4] Economics @ 20% markup
  Monthly avoided: ₦1,821,611 | Payback: 29.9 months
  5-yr generator : ₦123,989,760
  5-yr solar     : ₦54,849,550
  5-yr net save  : ₦69,140,210
  PASS  Payback positive
  PASS  Solar beats generator over 5 years
  PASS  Higher markup raises price -> ₦54,449,550 -> ₦62,516,150
  PASS  Higher markup raises installer profit
  PASS  Default markup is 15%

[5] PDF generation (jsPDF + autotable)
  boq      PDF bytes: 208306
  PASS  boq PDF generated
  invoice  PDF bytes: 208001
  PASS  invoice PDF generated
  receipt  PDF bytes: 207596
  PASS  receipt PDF generated

=== ALL CHECKS PASSED ===

[E1] Zero-load quote (client has no appliances yet)
  peak 0W | inverter 1.5kVA | battery 2.5kWh | pv 0.6kWp
  monthlySavings ₦0 | payback 0 mo
  PASS  zero load -> no phantom monthly savings -> ₦0
  PASS  zero load -> payback not fabricated -> 0
  PASS  zero load -> still quotable sizes

[E2] Negative quantities typed into the counter
  PASS  negative qty cannot reduce peak load -> 0W
  PASS  negative qty cannot create negative energy -> 0kWh

[E3] Operating hours beyond 24 h/day
  daily energy: 3.6 kWh (max legal 24h x 10 bulbs x 15W = 3.6 kWh)
  PASS  hours clamped to 24/day -> 3.6kWh

[E4] Corrupt engineering inputs
  PASS  sunHours = 0 does not yield non-finite PV -> pv 1.3kWp, cost ₦2,314,650
  PASS  batteryDoD = 0 does not yield non-finite battery -> 5kWh
  PASS  systemLossFactor = 0 handled -> 0.6kWp
  PASS  safetySurgeFactor = 0 handled -> 1.5kVA
  PASS  missing settings.equipment does not crash -> ok

[E5] Currency formatting guards
  PASS  formatNaira(NaN) is not "₦NaN" -> ₦0
  PASS  formatNaira(Infinity) is not "₦Infinity" -> ₦0

[E6] Absurd but finite load (100k bulbs)
  PASS  huge load stays finite -> 1500kW, 23020kWh, ₦13,595,419,500

=== EDGE CASES: ALL PASSED ===

[C1] Catalog inventory
  Total products: 438
    inverter     58
    battery      53
    panel        59
    laptop       52
    desktop      55
    appliance   118
    part         43

[C2] Every section is usefully stocked
  PASS  inverter >= 50 -> 58
  PASS  battery >= 50 -> 53
  PASS  panel >= 50 -> 59
  PASS  laptop >= 50 -> 52
  PASS  desktop >= 50 -> 55
  PASS  appliance >= 50 -> 118
  PASS  part >= 30 -> 43

[C3] Power data is present and sane
  PASS  no product is missing power data -> ok
  NOTE  2 solar-thermal units correctly draw 0 W
  PASS  parts exist in the catalog -> 43 parts
  PASS  every part has zero draw so sizing skips it
  PASS  every part is priced
  PASS  every part has a unit of sale
  PASS  parts are excluded from load products
  PASS  part section is registered
  PASS  every battery has kWh + max discharge

[C4] Identifiers are unique
  PASS  no duplicate ids -> 438 ids

[C5] Search works across the catalog
  PASS  search "deye" returns results -> 7 hits
  PASS  search "sunsynk" returns results -> 9 hits
  PASS  search "pylontech" returns results -> 7 hits
  PASS  search "macbook" returns results -> 6 hits
  PASS  search "latitude" returns results -> 5 hits
  PASS  search "freezer" returns results -> 12 hits
  PASS  search "asdfghjkl" returns nothing
  PASS  section filter narrows results

[C6] Power labels are honest per product kind
    inverter   "12 kW"
    battery    "4.8 kWh"
    panel      "580 Wp"
    laptop     "22 W"
    appliance  "9 W"
  PASS  panel labelled in Wp
  PASS  battery labelled in kWh
  PASS  inverter labelled in kW

[E1] Nigerian energy price data
  PASS  5 NERC bands present
  PASS  11 DisCos present
  PASS  petrol default is realistic (₦1000–₦1500)

[E2] Running-cost engine
    Band A: ₦73,980/mo, ₦247/kWh effective
  PASS  Band A monthly cost is positive
  PASS  effective cost EXCEEDS the grid tariff (generator is real) -> 247 > 209.5
    Band E: ₦100,200/mo
  PASS  low-tariff band still costs MORE in practice -> 100200 > 73980
  PASS  zero load costs nothing
  PASS  negative load is clamped to zero

[C7] Brand registry covers every product in the catalog
  PASS  every product brand is registered -> ok
  PASS  registry has an entry per brand -> 40 brands
  PASS  every brand has an official colour
  PASS  every brand has a slug
  PASS  brand slugs are unique
  PASS  getBrand is case tolerant
  PASS  unknown brand still resolves
  PASS  logo paths are set only where an asset is bundled
  NOTE  7/40 brands have bundled artwork; the rest use a wordmark

[C8] Manufacturer grouping
  PASS  inverters group by manufacturer -> 11 brands
  PASS  groups carry a product count
  PASS  groups are sorted by depth
  PASS  group counts sum to the section total -> 58/58
  PASS  inverter: tab bar has groups -> 11 groups
  PASS  inverter: tabs cover the whole section -> 58/58
  PASS  inverter: every tab has a label and a mark
  PASS  battery: tab bar has groups -> 13 groups
  PASS  battery: tabs cover the whole section -> 53/53
  PASS  battery: every tab has a label and a mark
  PASS  panel: tab bar has groups -> 10 groups
  PASS  panel: tabs cover the whole section -> 59/59
  PASS  panel: every tab has a label and a mark
  PASS  laptop: tab bar has groups -> 6 groups
  PASS  laptop: tabs cover the whole section -> 52/52
  PASS  laptop: every tab has a label and a mark
  PASS  desktop: tab bar has groups -> 8 groups
  PASS  desktop: tabs cover the whole section -> 55/55
  PASS  desktop: every tab has a label and a mark
  PASS  appliance: tab bar has groups -> 13 groups
  PASS  appliance: tabs cover the whole section -> 118/118
  PASS  appliance: every tab has a label and a mark
  PASS  part: tab bar has groups -> 6 groups
  PASS  part: tabs cover the whole section -> 43/43
  PASS  part: every tab has a label and a mark
  PASS  unbranded appliances group by category -> Cooling, Kitchen, Computing
  PASS  branded sections group by manufacturer -> Sunsynk, Growatt, Deye
  PASS  single-maker sections fall back to category -> 6 groups: Cables, AC Protection, Connectors

[C9] Condition grading
  PASS  three grades exist
  PASS  new has no discount
  PASS  refurb discounts below used
  PASS  zero price stays zero

[C10] Facility presets resolve to real catalog products
  PASS  an alias map exists
  PASS  alias "fans" -> a real product -> app-cooling-ceiling-fan-standard-
  PASS  alias "ac15hp" -> a real product -> app-cooling-1-5-hp-split-inverter-ac
  PASS  alias "bulbs" -> a real product -> app-lighting-led-bulb-18w-cool-day-
  PASS  alias "computers" -> a real product -> app-computing-desktop-pc-office-
  PASS  alias "cctv_wifi" -> a real product -> app-security-cctv-kit-8-cameras-nvr-
  PASS  alias "pumping_machine" -> a real product -> app-pumps-water-pumping-machine-1-5hp
  PASS  alias "freezer" -> a real product -> app-refrigeration-chest-freezer-300l
  PASS  alias "fridge" -> a real product -> app-refrigeration-double-door-fridge-350l
  PASS  alias "tv" -> a real product -> app-entertainment-43-smart-tv
  PASS  school: every key resolves
  PASS  school: produces loads -> 6/6
  PASS  school: every load carries wattage
  PASS  school: quantities preserved
  PASS  school: produces a non-zero load -> 85 kWh/day
  PASS  school: engine sees the load
  PASS  home_3bed: every key resolves
  PASS  home_3bed: produces loads -> 8/8
  PASS  home_3bed: every load carries wattage
  PASS  home_3bed: quantities preserved
  PASS  home_3bed: produces a non-zero load -> 128.2 kWh/day
  PASS  home_3bed: engine sees the load
  PASS  office: every key resolves
  PASS  office: produces loads -> 6/6
  PASS  office: every load carries wattage
  PASS  office: quantities preserved
  PASS  office: produces a non-zero load -> 100.4 kWh/day
  PASS  office: engine sees the load
  PASS  custom: every key resolves
  PASS  custom: produces loads -> 4/4
  PASS  custom: every load carries wattage
  PASS  custom: quantities preserved
  PASS  custom: produces a non-zero load -> 12 kWh/day
  PASS  custom: engine sees the load
  NOTE  school preset: 85.0 kWh/day, 15 kVA recommended
  PASS  school preset sizes a school, not the 1.5 kVA floor -> 15 kVA

=== CATALOG + ENERGY: ALL PASSED ===

[Q1] First launch starts at exactly 0
  PASS  fresh install reads 0 -> 0
  PASS  counter is NOT seeded above zero

[Q2] Sequence of issued quotes
  PASS  first quote issued is #0 -> got #0
  PASS  quotes increment by 1 -> [0,1,2,3,4]

[Q3] Corrupt storage falls back to 0, never negative
  PASS  stored "-5" reads as 0 -> 0
  PASS  stored "abc" reads as 0 -> 0
  PASS  stored "NaN" reads as 0 -> 0
  PASS  stored "null" reads as 0 -> 0
  PASS  stored "" reads as 0 -> 0

[Q4] Persistence round-trip
  PASS  saved counter restores exactly -> 7
  PASS  saved zero restores as 0 (not falsy-skipped)
  PASS  large counter restores exactly

=== COUNTER: ALL PASSED ===

[B1] Plan pricing matches the agreed model
  PASS  generation price is ₦500 -> ₦500
  PASS  Limited is ₦10,000 -> ₦10000
  PASS  Unlimited is ₦25,000 -> ₦25000
  PASS  subscription is 30 days -> 30d

[B2] Fresh wallet starts empty on the free plan
  PASS  balance is 0
  PASS  plan is free
  PASS  no expiry
  PASS  no transactions

[B3] Top-ups credit the wallet
  PASS  top-up succeeds
  PASS  balance credited -> ₦2000
  PASS  transaction recorded
  PASS  invalid top-up 0 rejected
  PASS  invalid top-up -500 rejected
  PASS  invalid top-up null rejected
  PASS  invalid top-up "abc" rejected
  PASS  invalid top-up null rejected
  PASS  top-ups accumulate -> ₦2500

[B4] Generation charge is ₦500 and blocks when broke
  PASS  cannot generate below ₦500 -> insufficient_funds
  PASS  shortfall reported -> ₦400
  PASS  balance untouched after refusal -> ₦100
  PASS  generation succeeds when funded
  PASS  charged exactly ₦500 -> ₦500
  PASS  balance deducted -> ₦500
  PASS  quote number recorded

[B5] Subscriptions are unlimited and never debit
  PASS  limited activates
  PASS  limited charges its price
  PASS  limited runs 30 days
  PASS  limited generation is free
  PASS  limited balance unchanged by generation
  PASS  unlimited activates
  PASS  unlimited charges its price
  PASS  unlimited runs 30 days
  PASS  unlimited generation is free
  PASS  unlimited balance unchanged by generation

[B6] Insufficient funds blocks subscribing
  PASS  ₦9,999 cannot buy Limited -> insufficient_funds
  PASS  shortfall is ₦1 -> ₦1

[B7] Expiry returns the user to free
  PASS  active right up to expiry
  PASS  expired after the window
  PASS  days remaining counts down -> 1
  PASS  days remaining 0 when expired
  PASS  reconcile clears the plan
  PASS  reconcile keeps the balance -> ₦90000
  PASS  reconcile is idempotent

[B8] Renewing early extends rather than wasting days
  PASS  first term ends after 30 days
  PASS  renewal succeeds
  PASS  renewal extends from the existing expiry, not from now -> 2024-01-13
  PASS  renewal charges again -> ₦20000

[B9] Cancelling
  PASS  plan returns to free
  PASS  no refund of paid months

[B10] Feature gate matrix
  PASS  free -> sizing = true
  PASS  free -> load_input = true
  PASS  free -> catalog_browse = true
  PASS  free -> pdf_export = false
  PASS  free -> margin_control = false
  PASS  free -> catalog_add = false
  PASS  payg -> pdf_export = true
  PASS  payg -> sizing = true
  PASS  payg -> margin_control = false
  PASS  payg -> catalog_add = false
  PASS  limited -> pdf_export = true
  PASS  limited -> sizing = true
  PASS  limited -> margin_control = false
  PASS  limited -> catalog_add = false
  PASS  unlimited -> pdf_export = true
  PASS  unlimited -> sizing = true
  PASS  unlimited -> margin_control = true
  PASS  unlimited -> catalog_add = true
  PASS  free is locked out of the paid features -> 8 locked
  PASS  limited is locked out of the key features -> 7 locked
  PASS  unlimited has nothing locked -> 0 locked
  PASS  unknown features never hard-block
  PASS  every feature has a valid tier
  PASS  every feature id is unique -> 12 features

[B11] Gateway seam
  PASS  recharge credits the wallet -> ₦3000
  PASS  recharge returns the same shape as topUp

[B12] History cap keeps storage bounded
  PASS  transactions capped at 50 -> 50
  PASS  newest transaction first

=== BILLING: ALL PASSED ===

[U1] Fresh store is empty
  PASS  no overrides
  PASS  no custom products

[U2] Price overrides
  PASS  override accepted
  PASS  override stored -> ₦3100000
  PASS  effective price uses override
  PASS  hasOverride true
  PASS  untouched product keeps shipped price
  PASS  bad price 0 rejected
  PASS  bad price -100 rejected
  PASS  bad price null rejected
  PASS  bad price "abc" rejected
  PASS  bad price null rejected
  PASS  bad price undefined rejected
  PASS  absurd price rejected
  PASS  shipped dataset not mutated
  PASS  second product override is independent
  PASS  clear removes override
  PASS  cleared falls back to shipped price
  PASS  clearing twice is safe
  PASS  multiple overrides accumulate
  PASS  resetPrices clears all

[U3] withEffectivePrices rewrites the visible figure
  PASS  override reflected in array -> ₦999
  PASS  shipped product untouched in source

[U4] Custom inverter
  PASS  added
  PASS  marked custom
  PASS  id is namespaced to user -> usr-inverter-sunpower-lagos-mypower-6k-1
  PASS  price stored
  PASS  rated watts stored
  PASS  surge defaults to 2x rated -> 12000VA
  PASS  phase defaults
  PASS  brand defaults when blank
  PASS  explicit surge honoured
  PASS  explicit phase honoured

[U5] Custom battery sizes on energy, not draw
  PASS  added
  PASS  energy stored -> 10.5 kWh
  PASS  default 48V bus
  PASS  chemistry default
  PASS  energy derived from watts when omitted -> 6 kWh

[U6] Custom panel + loads
  PASS  panel added
  PASS  panel keeps watts
  PASS  load added
  PASS  load keeps draw watts
  PASS  load has no energy field
  PASS  laptop addable
  PASS  desktop addable

[U7] Validation rejects bad input
  PASS  missing kind rejected
  PASS  unknown kind rejected
  PASS  blank name rejected
  PASS  one-char name rejected
  PASS  zero watts rejected
  PASS  negative watts rejected
  PASS  non-numeric watts rejected
  PASS  missing price rejected
  PASS  zero price rejected
  PASS  failed add leaves state untouched

[U8] Dedup, edit, delete
  PASS  re-adding same item updates not duplicates -> 1
  PASS  update reported
  PASS  new price applied
  PASS  id preserved on update
  PASS  edit works
  PASS  name updated
  PASS  id unchanged
  PASS  edit of missing id fails
  PASS  delete removes product
  PASS  delete removes its price override

[U9] Reset
  PASS  reset clears overrides
  PASS  reset clears custom products

[U10] Hydration survives corrupt storage
  PASS  null -> empty
  PASS  garbage string -> empty
  PASS  non-object still has shape
  PASS  valid override kept
  PASS  negative override dropped
  PASS  invalid custom product dropped
  PASS  valid state round-trips -> 2
  PASS  round-trip keeps override

[U11] Catalog + gating intact
  PASS  all 6 kinds addable -> 6
  PASS  shipped catalog still intact
  PASS  normaliseCustomProduct is pure
  PASS  custom catalog is a declared feature
  PASS  free cannot use it
  PASS  limited cannot use it
  PASS  unlimited can use it

=== USER CATALOG: ALL PASSED ===

=== DIAGNOSTIC [part1-data]: 0 finding(s) ===

=== DIAGNOSTIC [part2-engine]: 0 finding(s) ===

[R1] First run shows the welcome screen
  PASS  app mounted -> 381 chars
  PASS  welcome heading present
  PASS  no login/signup demanded
  PASS  no React errors thrown -> none

[R2] Completing onboarding reaches the app shell
  PASS  Get Started button exists
  PASS  mode options offered -> ou like to use it?You can change this any time in Settings.Simple ModePlain language, mone
  PASS  continue to plan
  PASS  plan options offered
  PASS  plan step reached
  PASS  dashboard rendered -> SolarQuote NGDashboardWhat your power costs today₦628,800per
  PASS  bottom navigation present
  PASS  wallet tab present
  PASS  quote number starts at #0
  PASS  no React errors after onboarding -> none

[R3] Catalog is reachable and the user-catalog entry point renders
  PASS  catalog tab exists
  PASS  catalog rendered -> SolarQuote NGProduct catalogAll 395Inverters 58Batteries 53P
  PASS  add-your-own entry point present
  PASS  manufacturer tabs render
  PASS  a real brand tab is shown
  PASS  brand artwork or wordmark is used
  PASS  parts section is reachable
  PASS  no React errors on catalog -> none

=== RENDER: ALL PASSED ===
